// Jest Snapshot v1, https://goo.gl/fbAQLP

exports[`描写されてすぐは OFF と表示されている 1`] = `
<div>
  <button>
    OFF
  </button>
</div>
`;
